// Jest Snapshot v1, https://goo.gl/fbAQLP

exports[`matches snapshot 1`] = `
<div>
  <a
    href="https://test.test.fi"
    rel="noreferrer"
    target="_blank"
  >
    TestLink
    <svg
      class="Icon-module_icon__1Jtzj icon_hds-icon__1YqNC Icon-module_s__2WGWe icon_hds-icon--size-s__2Lkik"
      role="img"
      style="vertical-align: middle; margin-left: 0.5rem;"
      viewBox="0 0 24 24"
      xmlns="http://www.w3.org/2000/svg"
    >
      <g
        fill="none"
        fill-rule="evenodd"
      >
        <path
          clip-rule="evenodd"
          d="M5 3V19H21V21H3V3H5ZM21 3V12H19V6.413L9.91421 15.5L8.5 14.0858L17.585 5H12V3H21Z"
          fill="currentColor"
          fill-rule="evenodd"
        />
      </g>
    </svg>
    <div
      class="srOnly"
    >
      Avautuu uudessa välilehdessä
    </div>
  </a>
</div>
`;
