// Jest Snapshot v1, https://goo.gl/fbAQLP

exports[`renders form and user can fill it and submit and form is saved to local storage: submit values 1`] = `
{
  "hasEmailNotification": true,
  "hasSmsNotification": true,
  "isMandatoryAdditionalInformationRequired": false,
  "isPartOfCulturalRoute": "YES",
  "isSameResponsiblePerson": true,
  "isSharingDataAccepted": true,
  "language": "FI",
  "person": {
    "emailAddress": "",
    "name": "",
    "phoneNumber": "",
  },
  "studyGroup": {
    "amountOfAdult": 2,
    "extraNeeds": "Lisätietoja ilmoittautumiseen",
    "groupName": "4a",
    "groupSize": 10,
    "person": {
      "emailAddress": "testi@testi.fi",
      "name": "Nimi Niminen",
      "phoneNumber": "123321123",
    },
    "preferredTimes": "",
    "studyLevels": [
      "GRADE_2",
      "GRADE_4",
    ],
    "unitId": null,
    "unitName": "Testikoulu",
  },
}
`;
