// Jest Snapshot v1, https://goo.gl/fbAQLP

exports[`matches snapshot 1`] = `
<div>
  <section
    aria-label="Notification"
    class="Notification-module_notification__2hN3H notification_hds-notification__2DQPN Notification-module_alert__1Erry notification_hds-notification--alert__1MV7H"
  >
    <div
      class="Notification-module_content__ZZKvE notification_hds-notification__content__5ylSS"
    >
      <div
        aria-level="2"
        class="Notification-module_label__1bhNu notification_hds-notification__label__2t1lR"
        role="heading"
      >
        <svg
          aria-hidden="true"
          aria-label="alert-circle-fill"
          class="Icon-module_icon__1Jtzj icon_hds-icon__1YqNC Icon-module_s__2WGWe icon_hds-icon--size-s__2Lkik Notification-module_icon__1ans7 notification_hds-icon__29HQM"
          role="img"
          viewBox="0 0 24 24"
          xmlns="http://www.w3.org/2000/svg"
        >
          <path
            clip-rule="evenodd"
            d="M12 3C16.9706 3 21 7.02944 21 12C21 16.9706 16.9706 21 12 21C7.02944 21 3 16.9706 3 12C3 7.02944 7.02944 3 12 3ZM13 16V18H11V16H13ZM13 6V14H11V6H13Z"
            fill="currentColor"
            fill-rule="evenodd"
          />
        </svg>
        Notification title
      </div>
      <div
        class="Notification-module_body__9BSAD notification_hds-notification__body__3cobH"
      >
        <a
          href="https://kultus.fi"
          rel="noreferrer"
          style="margin-top: 1rem; display: block;"
          target="_blank"
        >
          link text
          <svg
            aria-hidden="true"
            aria-label="link-external"
            class="Icon-module_icon__1Jtzj icon_hds-icon__1YqNC Icon-module_s__2WGWe icon_hds-icon--size-s__2Lkik"
            role="img"
            style="vertical-align: middle; margin-left: 0.5rem;"
            viewBox="0 0 24 24"
            xmlns="http://www.w3.org/2000/svg"
          >
            <path
              clip-rule="evenodd"
              d="M5 3V19H21V21H3V3H5ZM21 3V12H19V6.413L9.91421 15.5L8.5 14.0858L17.585 5H12V3H21Z"
              fill="currentColor"
              fill-rule="evenodd"
            />
          </svg>
          <div
            class="srOnly"
          >
            Avautuu uudessa välilehdessä
          </div>
        </a>
      </div>
    </div>
    <button
      aria-label="Sulje huomiotiedote"
      class="Notification-module_close__JWYav notification_hds-notification__close-button__1yGIj Notification-module_alert__1Erry notification_hds-notification--alert__1MV7H"
      title="Sulje huomiotiedote"
      type="button"
    >
      <svg
        aria-hidden="true"
        aria-label="cross"
        class="Icon-module_icon__1Jtzj icon_hds-icon__1YqNC Icon-module_s__2WGWe icon_hds-icon--size-s__2Lkik"
        role="img"
        viewBox="0 0 24 24"
        xmlns="http://www.w3.org/2000/svg"
      >
        <path
          clip-rule="evenodd"
          d="M18 7.5L13.5 12L18 16.5L16.5 18L12 13.5L7.5 18L6 16.5L10.5 12L6 7.5L7.5 6L12 10.5L16.5 6L18 7.5Z"
          fill="currentColor"
          fill-rule="evenodd"
        />
      </svg>
    </button>
  </section>
</div>
`;
