// Jest Snapshot v1, https://goo.gl/fbAQLP

exports[`renders list of keywords as static texts 1`] = `
<div>
  <ul
    aria-label="tapahtuman avainsanat"
    class="keywordsList"
  >
    <li>
      <label
        class="keyword keyword-grey"
      >
        Vaikuttaminen ja osallisuus
      </label>
    </li>
    <li>
      <label
        class="keyword keyword-grey"
      >
        Teatteri, tanssi ja sirkus
      </label>
    </li>
    <li>
      <label
        class="keyword keyword-grey"
      >
        Musiikki
      </label>
    </li>
    <li>
      <label
        class="keyword keyword-grey"
      >
        Sanataide ja kirjallisuus
      </label>
    </li>
    <li>
      <label
        class="keyword keyword-grey"
      >
        Tiede
      </label>
    </li>
    <li>
      <label
        class="keyword keyword-grey"
      >
        Valmistava opetus
      </label>
    </li>
    <li>
      <label
        class="keyword keyword-grey"
      >
        1.–2. luokat
      </label>
    </li>
    <li>
      <label
        class="keyword keyword-grey"
      >
        3.–6. luokat
      </label>
    </li>
    <li>
      <label
        class="keyword keyword-grey"
      >
        7.–9. luokat
      </label>
    </li>
    <li>
      <label
        class="keyword keyword-grey"
      >
        Lukio ja ammatillinen opetus
      </label>
    </li>
    <li>
      <label
        class="keyword keyword-grey"
      >
        Työpaja
      </label>
    </li>
    <li>
      <label
        class="keyword keyword-grey"
      >
        Luento
      </label>
    </li>
    <li>
      <label
        class="keyword keyword-grey"
      >
        Luontokoulu
      </label>
    </li>
    <li>
      <label
        class="keyword keyword-grey"
      >
        Kirjastovierailu
      </label>
    </li>
    <li>
      <label
        class="keyword keyword-grey"
      >
        Konsertti
      </label>
    </li>
  </ul>
</div>
`;
