// Jest Snapshot v1, https://goo.gl/fbAQLP

exports[`renders list of keywords as links with correct hrefs 1`] = `
<div>
  <ul
    class="keywordsList"
  >
    <li>
      <a
        href="/search?categories=kultus%3A1"
      >
        <a
          aria-label="Hae tapahtumia avainsanalla Vaikuttaminen ja osallisuus"
          class="keyword"
        >
          Vaikuttaminen ja osallisuus
        </a>
      </a>
    </li>
    <li>
      <a
        href="/search?categories=kultus%3A2"
      >
        <a
          aria-label="Hae tapahtumia avainsanalla Teatteri, tanssi ja sirkus"
          class="keyword"
        >
          Teatteri, tanssi ja sirkus
        </a>
      </a>
    </li>
    <li>
      <a
        href="/search?categories=kultus%3A3"
      >
        <a
          aria-label="Hae tapahtumia avainsanalla Musiikki"
          class="keyword"
        >
          Musiikki
        </a>
      </a>
    </li>
    <li>
      <a
        href="/search?categories=kultus%3A4"
      >
        <a
          aria-label="Hae tapahtumia avainsanalla Sanataide ja kirjallisuus"
          class="keyword"
        >
          Sanataide ja kirjallisuus
        </a>
      </a>
    </li>
    <li>
      <a
        href="/search?categories=kultus%3A5"
      >
        <a
          aria-label="Hae tapahtumia avainsanalla Tiede"
          class="keyword"
        >
          Tiede
        </a>
      </a>
    </li>
    <li>
      <a
        href="/search?targetGroups=kultus%3A11"
      >
        <a
          aria-label="Hae tapahtumia avainsanalla Valmistava opetus"
          class="keyword"
        >
          Valmistava opetus
        </a>
      </a>
    </li>
    <li>
      <a
        href="/search?targetGroups=kultus%3A12"
      >
        <a
          aria-label="Hae tapahtumia avainsanalla 1.–2. luokat"
          class="keyword"
        >
          1.–2. luokat
        </a>
      </a>
    </li>
    <li>
      <a
        href="/search?targetGroups=kultus%3A13"
      >
        <a
          aria-label="Hae tapahtumia avainsanalla 3.–6. luokat"
          class="keyword"
        >
          3.–6. luokat
        </a>
      </a>
    </li>
    <li>
      <a
        href="/search?targetGroups=kultus%3A14"
      >
        <a
          aria-label="Hae tapahtumia avainsanalla 7.–9. luokat"
          class="keyword"
        >
          7.–9. luokat
        </a>
      </a>
    </li>
    <li>
      <a
        href="/search?targetGroups=kultus%3A15"
      >
        <a
          aria-label="Hae tapahtumia avainsanalla lukio ja ammatillinen opetus"
          class="keyword"
        >
          Lukio ja ammatillinen opetus
        </a>
      </a>
    </li>
    <li>
      <a
        href="/search?additionalCriteria=kultus%3A6"
      >
        <a
          aria-label="Hae tapahtumia avainsanalla Työpaja"
          class="keyword"
        >
          Työpaja
        </a>
      </a>
    </li>
    <li>
      <a
        href="/search?additionalCriteria=kultus%3A7"
      >
        <a
          aria-label="Hae tapahtumia avainsanalla Luento"
          class="keyword"
        >
          Luento
        </a>
      </a>
    </li>
    <li>
      <a
        href="/search?additionalCriteria=kultus%3A8"
      >
        <a
          aria-label="Hae tapahtumia avainsanalla Luontokoulu"
          class="keyword"
        >
          Luontokoulu
        </a>
      </a>
    </li>
    <li>
      <a
        href="/search?additionalCriteria=kultus%3A9"
      >
        <a
          aria-label="Hae tapahtumia avainsanalla Kirjastovierailu"
          class="keyword"
        >
          Kirjastovierailu
        </a>
      </a>
    </li>
    <li>
      <a
        href="/search?additionalCriteria=kultus%3A10"
      >
        <a
          aria-label="Hae tapahtumia avainsanalla Konsertti"
          class="keyword"
        >
          Konsertti
        </a>
      </a>
    </li>
  </ul>
</div>
`;
