// Jest Snapshot v1, https://goo.gl/fbAQLP

exports[`renders meta elements 1`] = `
<div>
  <title>
    Title
  </title>
  <meta
    content="description"
    name="description"
  />
  <meta
    content="openGraphTitle"
    property="og:title"
  />
  <meta
    content="openGraphDescription"
    property="og:description"
  />
  <link
    href="/undefined/"
    rel="canonical"
  />
  <link
    href="/hds-favicon-kit/favicon-32x32.ico"
    rel="icon"
    sizes="any"
  />
  <link
    href="/hds-favicon-kit/favicon.svg"
    rel="icon"
    type="image/svg+xml"
  />
  <link
    href="/hds-favicon-kit/apple-touch-icon.png"
    rel="apple-touch-icon"
  />
</div>
`;
