// Jest Snapshot v1, https://goo.gl/fbAQLP

exports[`SubscribeNewsletterPage renders correctly 1`] = `
<div>
  <main>
    <div
      class="subscribeNewsletter"
    >
      <div
        class="container default"
      >
        <div>
          <h2>
            Tilaa uutiskirje
          </h2>
          <div>
            <p>
              Tilaamalla Kultus-uutiskirjeen hyväksyn, että lähettämäni tiedot tallennetaan Kulttuuri- ja vapaa-aika toimialan Gruppo-tilaajarekisteriin. Uutiskirjeen tilauksen voit lopettaa milloin tahansa uutiskirjeen lopussa olevasta linkistä. Linkin tietosuojaselosteeseen löydät tämän sivun alalaidasta.
            </p>
            <p>
              Gruppo-tilin hallintaan ja uutiskirjetilaukseen liittyen voit olla yhteydessä Kultuksen ylläpitäjään: 
              <a
                aria-label="Ylläpitäjän sähköposti: kultus@hel.fi"
                href="mailto:kultus@hel.fi"
              >
                kultus@hel.fi
              </a>
              .
            </p>
          </div>
          <form
            class="newsletterSubscribeForm"
          >
            <div
              class="formGroup"
            >
              <div
                class="Select-module_root__-GjU5"
                id="groups"
                tabindex="-1"
              >
                <label
                  class="FieldLabel-module_label__1zrXK "
                  for="groups-main-button"
                  id="groups-label"
                >
                  Tilaan uutiskirjeen
                  <span
                    class="RequiredIndicator-module_indicator__Pt7GX text-input_hds-text-input__required__2K-Bs"
                  >
                    *
                  </span>
                </label>
                <div
                  class="Select-module_selectAndListContainer__vSJEv"
                >
                  <div
                    class="Select-module_selectedOptionsContainer__16tlC"
                  >
                    <button
                      aria-controls="groups-list"
                      aria-disabled="false"
                      aria-expanded="false"
                      aria-haspopup="listbox"
                      aria-label="Tilaan uutiskirjeen. 3 valittua vaihtoehtoa: "Alakouluille" ja "Varhaiskasvatukselle" ja 1 muuta vaihtoehtoa. Pakollinen."
                      class="Select-module_dropdownButton__2-_Ec Select-module_selectedOptions__VmvqD Select-module_spaceForOneDigit__3puHv"
                      id="groups-main-button"
                      role="combobox"
                      type="button"
                    >
                      <div
                        aria-hidden="true"
                        class="Select-module_labels__2FlKK"
                      >
                        <span
                          class="Select-module_dropdownButtonOption__3Tfsz"
                        >
                          Alakouluille
                        </span>
                        <span
                          class="Select-module_dropdownButtonOption__3Tfsz"
                        >
                          Varhaiskasvatukselle
                        </span>
                        <span
                          class="Select-module_dropdownButtonOption__3Tfsz"
                        >
                          Yläkouluille ja toisen asteen oppilaitoksille
                        </span>
                      </div>
                      <span
                        aria-hidden="true"
                        class="Select-module_count__ODB_U"
                      >
                        <span
                          class="count"
                        >
                          +1
                        </span>
                      </span>
                      <div
                        class="Select-module_arrowAndSpaceForClearButton__3Fufw Select-module_icon__3AwlD"
                      >
                        <svg
                          aria-hidden="true"
                          aria-label="angle-down"
                          class="Icon-module_icon__1Jtzj icon_hds-icon__1YqNC Icon-module_small__gTGkU icon_hds-icon--size-s__2Lkik Select-module_angleIcon__3A9li"
                          role="img"
                          viewBox="0 0 24 24"
                          xmlns="http://www.w3.org/2000/svg"
                        >
                          <path
                            clip-rule="evenodd"
                            d="M12 13.5L17 8.5L18.5 10L12 16.5L5.5 10L7 8.5L12 13.5Z"
                            fill="currentColor"
                            fill-rule="evenodd"
                          />
                        </svg>
                      </div>
                    </button>
                  </div>
                  <div
                    aria-hidden="true"
                    class="Select-module_listAndInputContainer__2gZ6q"
                    id="groups-sl-container"
                  >
                    <div
                      class="Select-module_listContainer__2PfQA"
                      style="max-height: 286px;"
                    >
                      <ul
                        aria-multiselectable="true"
                        class="Select-module_list__2iKlZ"
                        id="groups-list"
                        role="listbox"
                        tabindex="-1"
                      />
                    </div>
                  </div>
                </div>
                <div
                  class="Select-module_tagListContainer__1vSdM"
                >
                  <div
                    class="Select-module_tagList__3uMST"
                    id="groups-tag-list"
                    style="max-height: 0px;"
                  >
                    <div
                      aria-hidden="false"
                      aria-label="Poista valinta "Alakouluille"."
                      class="Tag-module_tag__3bo5S tag_hds-tag__3MKf3 Select-module_tag__1I-nr Tag-module_action__4ky2K tag_hds-tag--action__Az-Fm Tag-module_multiline__24sap tag_hds-tag--multiline__yHIcb"
                      role="button"
                      tabindex="0"
                    >
                      <span>
                        Alakouluille
                      </span>
                      <svg
                        aria-hidden="true"
                        aria-label="cross"
                        class="Icon-module_icon__1Jtzj icon_hds-icon__1YqNC Icon-module_small__gTGkU icon_hds-icon--size-s__2Lkik Tag-module_icon__or2kN tag_hds-tag__icon__2_xWY"
                        role="img"
                        viewBox="0 0 24 24"
                        xmlns="http://www.w3.org/2000/svg"
                      >
                        <path
                          clip-rule="evenodd"
                          d="M18 7.5L13.5 12L18 16.5L16.5 18L12 13.5L7.5 18L6 16.5L10.5 12L6 7.5L7.5 6L12 10.5L16.5 6L18 7.5Z"
                          fill="currentColor"
                          fill-rule="evenodd"
                        />
                      </svg>
                    </div>
                    <div
                      aria-hidden="false"
                      aria-label="Poista valinta "Varhaiskasvatukselle"."
                      class="Tag-module_tag__3bo5S tag_hds-tag__3MKf3 Select-module_tag__1I-nr Tag-module_action__4ky2K tag_hds-tag--action__Az-Fm Tag-module_multiline__24sap tag_hds-tag--multiline__yHIcb"
                      role="button"
                      tabindex="0"
                    >
                      <span>
                        Varhaiskasvatukselle
                      </span>
                      <svg
                        aria-hidden="true"
                        aria-label="cross"
                        class="Icon-module_icon__1Jtzj icon_hds-icon__1YqNC Icon-module_small__gTGkU icon_hds-icon--size-s__2Lkik Tag-module_icon__or2kN tag_hds-tag__icon__2_xWY"
                        role="img"
                        viewBox="0 0 24 24"
                        xmlns="http://www.w3.org/2000/svg"
                      >
                        <path
                          clip-rule="evenodd"
                          d="M18 7.5L13.5 12L18 16.5L16.5 18L12 13.5L7.5 18L6 16.5L10.5 12L6 7.5L7.5 6L12 10.5L16.5 6L18 7.5Z"
                          fill="currentColor"
                          fill-rule="evenodd"
                        />
                      </svg>
                    </div>
                    <div
                      aria-hidden="false"
                      aria-label="Poista valinta "Yläkouluille ja toisen asteen oppilaitoksille"."
                      class="Tag-module_tag__3bo5S tag_hds-tag__3MKf3 Select-module_tag__1I-nr Tag-module_action__4ky2K tag_hds-tag--action__Az-Fm Tag-module_multiline__24sap tag_hds-tag--multiline__yHIcb"
                      role="button"
                      tabindex="0"
                    >
                      <span>
                        Yläkouluille ja toisen asteen oppilaitoksille
                      </span>
                      <svg
                        aria-hidden="true"
                        aria-label="cross"
                        class="Icon-module_icon__1Jtzj icon_hds-icon__1YqNC Icon-module_small__gTGkU icon_hds-icon--size-s__2Lkik Tag-module_icon__or2kN tag_hds-tag__icon__2_xWY"
                        role="img"
                        viewBox="0 0 24 24"
                        xmlns="http://www.w3.org/2000/svg"
                      >
                        <path
                          clip-rule="evenodd"
                          d="M18 7.5L13.5 12L18 16.5L16.5 18L12 13.5L7.5 18L6 16.5L10.5 12L6 7.5L7.5 6L12 10.5L16.5 6L18 7.5Z"
                          fill="currentColor"
                          fill-rule="evenodd"
                        />
                      </svg>
                    </div>
                  </div>
                  <div
                    class="Select-module_tagListButtons__3vZyi"
                  >
                    <button
                      aria-label="Näytä kaikki 3 valittua vaihtoehtoa."
                      class="Button-module_button__1msFE Button-module_secondary__1nABp Select-module_showAllButton__2TTlK"
                      id="groups-show-all-button"
                      type="button"
                    >
                      <span>
                        Näytä kaikki (3)
                      </span>
                      <div
                        aria-hidden="true"
                        class="Button-module_icon__O-h7R"
                      >
                        <svg
                          aria-hidden="true"
                          aria-label="angle-down"
                          class="Icon-module_icon__1Jtzj icon_hds-icon__1YqNC Icon-module_small__gTGkU icon_hds-icon--size-s__2Lkik Select-module_arrowIcon__12Sjk"
                          role="img"
                          viewBox="0 0 24 24"
                          xmlns="http://www.w3.org/2000/svg"
                        >
                          <path
                            clip-rule="evenodd"
                            d="M12 13.5L17 8.5L18.5 10L12 16.5L5.5 10L7 8.5L12 13.5Z"
                            fill="currentColor"
                            fill-rule="evenodd"
                          />
                        </svg>
                      </div>
                    </button>
                  </div>
                </div>
                <div
                  aria-live="polite"
                  class="Select-module_screenReaderNotifications__2wzzH"
                  data-testid="hds-select-screen-reader-notifications"
                />
              </div>
            </div>
            <div
              class="formGroup"
            >
              <div
                class="rowWith2Columns"
              >
                <div
                  class="TextInput-module_root__2CMNr text-input_hds-text-input__2LODq"
                >
                  <label
                    class="FieldLabel-module_label__1zrXK "
                    for="firstName"
                  >
                    Etunimi
                    <span
                      class="RequiredIndicator-module_indicator__Pt7GX text-input_hds-text-input__required__2K-Bs"
                    >
                      *
                    </span>
                  </label>
                  <div
                    class="TextInput-module_inputWrapper__3Rvel text-input_hds-text-input__input-wrapper__1OqYG"
                  >
                    <input
                      class="TextInput-module_input__1BlHi text-input_hds-text-input__input__GJm5C"
                      id="firstName"
                      required=""
                      type="text"
                      value=""
                    />
                  </div>
                </div>
                <div
                  class="TextInput-module_root__2CMNr text-input_hds-text-input__2LODq"
                >
                  <label
                    class="FieldLabel-module_label__1zrXK "
                    for="lastName"
                  >
                    Sukunimi
                    <span
                      class="RequiredIndicator-module_indicator__Pt7GX text-input_hds-text-input__required__2K-Bs"
                    >
                      *
                    </span>
                  </label>
                  <div
                    class="TextInput-module_inputWrapper__3Rvel text-input_hds-text-input__input-wrapper__1OqYG"
                  >
                    <input
                      class="TextInput-module_input__1BlHi text-input_hds-text-input__input__GJm5C"
                      id="lastName"
                      required=""
                      type="text"
                      value=""
                    />
                  </div>
                </div>
              </div>
            </div>
            <div
              class="formGroup"
            >
              <div
                class="rowWith2Columns"
              >
                <div
                  class="TextInput-module_root__2CMNr text-input_hds-text-input__2LODq"
                >
                  <label
                    class="FieldLabel-module_label__1zrXK "
                    for="email"
                  >
                    Sähköposti
                    <span
                      class="RequiredIndicator-module_indicator__Pt7GX text-input_hds-text-input__required__2K-Bs"
                    >
                      *
                    </span>
                  </label>
                  <div
                    class="TextInput-module_inputWrapper__3Rvel text-input_hds-text-input__input-wrapper__1OqYG"
                  >
                    <input
                      class="TextInput-module_input__1BlHi text-input_hds-text-input__input__GJm5C"
                      id="email"
                      required=""
                      type="text"
                      value=""
                    />
                  </div>
                </div>
              </div>
            </div>
            <div
              class="submitButtonWrapper"
            >
              <button
                class="Button-module_button__1msFE Button-module_primary__2LfKB"
                type="submit"
              >
                <span>
                  Tilaa uutiskirje
                </span>
              </button>
            </div>
          </form>
        </div>
      </div>
    </div>
  </main>
</div>
`;
