// Jest Snapshot v1, https://goo.gl/fbAQLP

exports[`SubscribeNewsletterPage renders correctly 1`] = `
<div>
  <main>
    <div
      class="subscribeNewsletter"
    >
      <div
        class="container default"
      >
        <div>
          <h2>
            Tilaa uutiskirje
          </h2>
          <div>
            <p>
              Tilaamalla Kultus-uutiskirjeen hyväksyn, että lähettämäni tiedot tallennetaan Kulttuuri- ja vapaa-aika toimialan Gruppo-tilaajarekisteriin. Uutiskirjeen tilauksen voi perua milloin tahansa. Linkin tietosuojaselosteeseen löydät tämän sivun alalaidasta.
            </p>
            <p>
              Gruppo-tilin hallintaan ja uutiskirjetilaukseen liittyen voit olla yhteydessä Kultuksen ylläpitäjään: 
              <a
                aria-label="Ylläpitäjän sähköposti: kultus@hel.fi"
                href="mailto:kultus@hel.fi"
              >
                kultus@hel.fi
              </a>
              .
            </p>
          </div>
          <form
            class="newsletterSubscribeForm"
          >
            <div
              class="formGroup"
            >
              <div
                class="Select-module_root__Ka5uO Select-module_multiselect__fxewG"
              >
                <label
                  class="FieldLabel-module_label__1zrXK "
                  for="groups-toggle-button"
                  id="groups-label"
                >
                  Tilaan uutiskirjeen
                  <span
                    class="RequiredIndicator-module_indicator__Pt7GX text-input_hds-text-input__required__2K-Bs"
                  >
                    *
                  </span>
                </label>
                <div
                  class="Select-module_wrapper__1WQXs"
                >
                  <div
                    class="SelectedItems-module_selectedItems__2m24K SelectedItems-module_itemsHidden__2ewH3 SelectedItems-module_truncateFirstChild__192oz"
                  >
                    <div
                      class="Tag-module_tag__3bo5S tag_hds-tag__3MKf3 SelectedItems-module_tag__13n3H"
                      id="hds-tag-7"
                      role="button"
                      tabindex="0"
                    >
                      <span
                        aria-labelledby="groups-label hds-tag-7-label"
                        class="Tag-module_label__zCgFr undefined SelectedItems-module_tagLabel__3qEgh"
                        id="hds-tag-7-label"
                      >
                        <span>
                          Alakouluille
                        </span>
                      </span>
                      <button
                        class="Tag-module_deleteButton__1diMR tag_hds-tag__delete-button__33Tgz"
                        id="hds-tag-7-delete-button"
                        tabindex="-1"
                        type="button"
                      >
                        <svg
                          aria-hidden="true"
                          aria-label="cross"
                          class="Icon-module_icon__1Jtzj icon_hds-icon__1YqNC Icon-module_s__2WGWe icon_hds-icon--size-s__2Lkik"
                          role="img"
                          viewBox="0 0 24 24"
                          xmlns="http://www.w3.org/2000/svg"
                        >
                          <path
                            clip-rule="evenodd"
                            d="M18 7.5L13.5 12L18 16.5L16.5 18L12 13.5L7.5 18L6 16.5L10.5 12L6 7.5L7.5 6L12 10.5L16.5 6L18 7.5Z"
                            fill="currentColor"
                            fill-rule="evenodd"
                          />
                        </svg>
                      </button>
                    </div>
                    <div
                      class="Tag-module_tag__3bo5S tag_hds-tag__3MKf3 SelectedItems-module_tag__13n3H SelectedItems-module_hidden__2hyRx"
                      id="hds-tag-8"
                      role="button"
                      tabindex="-1"
                    >
                      <span
                        aria-labelledby="groups-label hds-tag-8-label"
                        class="Tag-module_label__zCgFr undefined SelectedItems-module_tagLabel__3qEgh"
                        id="hds-tag-8-label"
                      >
                        <span>
                          Varhaiskasvatukselle
                        </span>
                      </span>
                      <button
                        class="Tag-module_deleteButton__1diMR tag_hds-tag__delete-button__33Tgz"
                        id="hds-tag-8-delete-button"
                        tabindex="-1"
                        type="button"
                      >
                        <svg
                          aria-hidden="true"
                          aria-label="cross"
                          class="Icon-module_icon__1Jtzj icon_hds-icon__1YqNC Icon-module_s__2WGWe icon_hds-icon--size-s__2Lkik"
                          role="img"
                          viewBox="0 0 24 24"
                          xmlns="http://www.w3.org/2000/svg"
                        >
                          <path
                            clip-rule="evenodd"
                            d="M18 7.5L13.5 12L18 16.5L16.5 18L12 13.5L7.5 18L6 16.5L10.5 12L6 7.5L7.5 6L12 10.5L16.5 6L18 7.5Z"
                            fill="currentColor"
                            fill-rule="evenodd"
                          />
                        </svg>
                      </button>
                    </div>
                    <div
                      class="Tag-module_tag__3bo5S tag_hds-tag__3MKf3 SelectedItems-module_tag__13n3H SelectedItems-module_hidden__2hyRx"
                      id="hds-tag-9"
                      role="button"
                      tabindex="-1"
                    >
                      <span
                        aria-labelledby="groups-label hds-tag-9-label"
                        class="Tag-module_label__zCgFr undefined SelectedItems-module_tagLabel__3qEgh"
                        id="hds-tag-9-label"
                      >
                        <span>
                          Yläkouluille ja toisen asteen oppilaitoksille
                        </span>
                      </span>
                      <button
                        class="Tag-module_deleteButton__1diMR tag_hds-tag__delete-button__33Tgz"
                        id="hds-tag-9-delete-button"
                        tabindex="-1"
                        type="button"
                      >
                        <svg
                          aria-hidden="true"
                          aria-label="cross"
                          class="Icon-module_icon__1Jtzj icon_hds-icon__1YqNC Icon-module_s__2WGWe icon_hds-icon--size-s__2Lkik"
                          role="img"
                          viewBox="0 0 24 24"
                          xmlns="http://www.w3.org/2000/svg"
                        >
                          <path
                            clip-rule="evenodd"
                            d="M18 7.5L13.5 12L18 16.5L16.5 18L12 13.5L7.5 18L6 16.5L10.5 12L6 7.5L7.5 6L12 10.5L16.5 6L18 7.5Z"
                            fill="currentColor"
                            fill-rule="evenodd"
                          />
                        </svg>
                      </button>
                    </div>
                    <span
                      class="SelectedItems-module_hiddenItemsCount__3MAEc"
                    >
                      +
                      2
                    </span>
                  </div>
                  <button
                    class="SelectedItems-module_clearButton__35tnp"
                    type="button"
                  >
                    <svg
                      aria-hidden="true"
                      aria-label="cross-circle"
                      class="Icon-module_icon__1Jtzj icon_hds-icon__1YqNC Icon-module_s__2WGWe icon_hds-icon--size-s__2Lkik"
                      role="img"
                      viewBox="0 0 24 24"
                      xmlns="http://www.w3.org/2000/svg"
                    >
                      <path
                        clip-rule="evenodd"
                        d="M12 2C17.5228 2 22 6.47715 22 12C22 17.5228 17.5228 22 12 22C6.47715 22 2 17.5228 2 12C2 6.47715 6.47715 2 12 2ZM12 4C7.58172 4 4 7.58172 4 12C4 16.4183 7.58172 20 12 20C16.4183 20 20 16.4183 20 12C20 7.58172 16.4183 4 12 4ZM15 7.5L16.5 9L13.5 12L16.5 15L15 16.5L12 13.5L9 16.5L7.5 15L10.5 12L7.5 9L9 7.5L12 10.5L15 7.5Z"
                        fill="currentColor"
                        fill-rule="evenodd"
                      />
                    </svg>
                  </button>
                  <button
                    aria-expanded="false"
                    aria-haspopup="listbox"
                    aria-labelledby="groups-label groups-toggle-button"
                    aria-owns="groups-menu"
                    class="Select-module_button__1aIsm"
                    id="groups-toggle-button"
                    type="button"
                  >
                    <svg
                      aria-hidden="true"
                      aria-label="angle-down"
                      class="Icon-module_icon__1Jtzj icon_hds-icon__1YqNC Icon-module_s__2WGWe icon_hds-icon--size-s__2Lkik Select-module_angleIcon__2-9AD"
                      role="img"
                      viewBox="0 0 24 24"
                      xmlns="http://www.w3.org/2000/svg"
                    >
                      <path
                        clip-rule="evenodd"
                        d="M12 13.5L17 8.5L18.5 10L12 16.5L5.5 10L7 8.5L12 13.5Z"
                        fill="currentColor"
                        fill-rule="evenodd"
                      />
                    </svg>
                  </button>
                  <ul
                    aria-labelledby="groups-label"
                    aria-multiselectable="true"
                    aria-required="true"
                    class="Select-module_menu__1H2aU"
                    id="groups-menu"
                    role="listbox"
                    style="max-height: 260px;"
                    tabindex="-1"
                  />
                </div>
              </div>
            </div>
            <div
              class="formGroup"
            >
              <div
                class="rowWith2Columns"
              >
                <div
                  class="TextInput-module_root__2CMNr text-input_hds-text-input__2LODq"
                >
                  <label
                    class="FieldLabel-module_label__1zrXK "
                    for="firstName"
                  >
                    Etunimi
                    <span
                      class="RequiredIndicator-module_indicator__Pt7GX text-input_hds-text-input__required__2K-Bs"
                    >
                      *
                    </span>
                  </label>
                  <div
                    class="TextInput-module_inputWrapper__3Rvel text-input_hds-text-input__input-wrapper__1OqYG"
                  >
                    <input
                      class="TextInput-module_input__1BlHi text-input_hds-text-input__input__GJm5C"
                      id="firstName"
                      required=""
                      type="text"
                      value=""
                    />
                  </div>
                </div>
                <div
                  class="TextInput-module_root__2CMNr text-input_hds-text-input__2LODq"
                >
                  <label
                    class="FieldLabel-module_label__1zrXK "
                    for="lastName"
                  >
                    Sukunimi
                    <span
                      class="RequiredIndicator-module_indicator__Pt7GX text-input_hds-text-input__required__2K-Bs"
                    >
                      *
                    </span>
                  </label>
                  <div
                    class="TextInput-module_inputWrapper__3Rvel text-input_hds-text-input__input-wrapper__1OqYG"
                  >
                    <input
                      class="TextInput-module_input__1BlHi text-input_hds-text-input__input__GJm5C"
                      id="lastName"
                      required=""
                      type="text"
                      value=""
                    />
                  </div>
                </div>
              </div>
            </div>
            <div
              class="formGroup"
            >
              <div
                class="rowWith2Columns"
              >
                <div
                  class="TextInput-module_root__2CMNr text-input_hds-text-input__2LODq"
                >
                  <label
                    class="FieldLabel-module_label__1zrXK "
                    for="email"
                  >
                    Sähköposti
                    <span
                      class="RequiredIndicator-module_indicator__Pt7GX text-input_hds-text-input__required__2K-Bs"
                    >
                      *
                    </span>
                  </label>
                  <div
                    class="TextInput-module_inputWrapper__3Rvel text-input_hds-text-input__input-wrapper__1OqYG"
                  >
                    <input
                      class="TextInput-module_input__1BlHi text-input_hds-text-input__input__GJm5C"
                      id="email"
                      required=""
                      type="text"
                      value=""
                    />
                  </div>
                </div>
              </div>
            </div>
            <div
              class="submitButtonWrapper"
            >
              <button
                class="Button-module_button__1msFE button_hds-button__2A0je Button-module_primary__2LfKB button_hds-button--primary__2NVvO"
                type="submit"
              >
                <span
                  class="Button-module_label__a4np1 button_hds-button__label__2EQa-"
                >
                  Tilaa uutiskirje
                </span>
              </button>
            </div>
          </form>
        </div>
      </div>
    </div>
  </main>
</div>
`;
