// Jest Snapshot v1, https://goo.gl/fbAQLP

exports[`SubscribeNewsletterPage renders correctly 1`] = `
<div>
  <main>
    <div
      class="subscribeNewsletter"
    >
      <div
        class="container default"
      >
        <div>
          <h2>
            Tilaa uutiskirje
          </h2>
          <div>
            <p>
              Tilaamalla Kultus-uutiskirjeen hyväksyn, että lähettämäni tiedot tallennetaan Kulttuuri- ja vapaa-aika toimialan Gruppo-tilaajarekisteriin. Uutiskirjeen tilauksen voi perua milloin tahansa. 
              <a
                aria-label="Näytä rekisteriseloste. Avautuu uudessa välilehdessä"
                href="https://www.hel.fi/static/liitteet/kanslia/rekisteriselosteet/Kuva/Kuva-EU-Palvelutarjotin.pdf"
                rel="noopener noreferrer"
                target="_blank"
              >
                Rekisteriselosteet
                <svg
                  class="Icon-module_icon__1Jtzj icon_hds-icon__1YqNC Icon-module_s__2WGWe icon_hds-icon--size-s__2Lkik privacyStatementIcon"
                  role="img"
                  viewBox="0 0 24 24"
                  xmlns="http://www.w3.org/2000/svg"
                >
                  <g
                    fill="none"
                    fill-rule="evenodd"
                  >
                    <path
                      d="M0 0h24v24H0z"
                    />
                    <path
                      d="M10 3v2H5v14h14v-5h2v7H3V3h7zm11 0v8h-2V6.413l-7 7.001L10.586 12l6.999-7H13V3h8z"
                      fill="currentColor"
                    />
                  </g>
                </svg>
              </a>
              .
            </p>
            <p>
              Gruppo-tilin hallintaan ja uutiskirjetilaukseen liittyen voit olla yhteydessä Kultuksen ylläpitäjään: 
              <a
                aria-label="Ylläpitäjän sähköposti: kultus@hel.fi"
                href="mailto:kultus@hel.fi"
              >
                kultus@hel.fi
              </a>
              .
            </p>
          </div>
          <form
            class="newsletterSubscribeForm"
          >
            <div
              class="formGroup"
            >
              <div
                class="Select-module_root__Ka5uO Select-module_multiselect__fxewG"
              >
                <label
                  class="FieldLabel-module_label__1zrXK "
                  for="groups-toggle-button"
                  id="groups-label"
                >
                  Tilaan uutiskirjeen
                  <span
                    class="RequiredIndicator-module_indicator__Pt7GX text-input_hds-text-input__required__2K-Bs"
                  >
                     
                    *
                  </span>
                </label>
                <div
                  class="Select-module_wrapper__1WQXs"
                >
                  <div
                    class="SelectedItems-module_selectedItems__2m24K SelectedItems-module_itemsHidden__2ewH3"
                  >
                    <div
                      class="Tag-module_tag__3bo5S SelectedItems-module_tag__13n3H SelectedItems-module_hidden__2hyRx"
                      id="hds-tag-7"
                      role="link"
                      tabindex="0"
                    >
                      <span
                        aria-labelledby="groups-label hds-tag-7-label"
                        class="Tag-module_label__zCgFr"
                        id="hds-tag-7-label"
                      >
                        <span
                          aria-hidden="false"
                        >
                          Alakouluille
                        </span>
                      </span>
                      <button
                        class="Tag-module_deleteButton__1diMR"
                        id="hds-tag-7-delete-button"
                        tabindex="-1"
                        type="button"
                      >
                        <svg
                          aria-hidden="true"
                          class="Icon-module_icon__1Jtzj icon_hds-icon__1YqNC Icon-module_s__2WGWe icon_hds-icon--size-s__2Lkik"
                          role="img"
                          viewBox="0 0 24 24"
                          xmlns="http://www.w3.org/2000/svg"
                        >
                          <g
                            fill="none"
                            fill-rule="evenodd"
                          >
                            <rect
                              height="24"
                              width="24"
                            />
                            <polygon
                              fill="currentColor"
                              points="18 7.5 13.5 12 18 16.5 16.5 18 12 13.5 7.5 18 6 16.5 10.5 12 6 7.5 7.5 6 12 10.5 16.5 6"
                            />
                          </g>
                        </svg>
                      </button>
                    </div>
                    <div
                      class="Tag-module_tag__3bo5S SelectedItems-module_tag__13n3H SelectedItems-module_hidden__2hyRx"
                      id="hds-tag-8"
                      role="link"
                      tabindex="-1"
                    >
                      <span
                        aria-labelledby="groups-label hds-tag-8-label"
                        class="Tag-module_label__zCgFr"
                        id="hds-tag-8-label"
                      >
                        <span
                          aria-hidden="false"
                        >
                          Varhaiskasvatukselle
                        </span>
                      </span>
                      <button
                        class="Tag-module_deleteButton__1diMR"
                        id="hds-tag-8-delete-button"
                        tabindex="-1"
                        type="button"
                      >
                        <svg
                          aria-hidden="true"
                          class="Icon-module_icon__1Jtzj icon_hds-icon__1YqNC Icon-module_s__2WGWe icon_hds-icon--size-s__2Lkik"
                          role="img"
                          viewBox="0 0 24 24"
                          xmlns="http://www.w3.org/2000/svg"
                        >
                          <g
                            fill="none"
                            fill-rule="evenodd"
                          >
                            <rect
                              height="24"
                              width="24"
                            />
                            <polygon
                              fill="currentColor"
                              points="18 7.5 13.5 12 18 16.5 16.5 18 12 13.5 7.5 18 6 16.5 10.5 12 6 7.5 7.5 6 12 10.5 16.5 6"
                            />
                          </g>
                        </svg>
                      </button>
                    </div>
                    <div
                      class="Tag-module_tag__3bo5S SelectedItems-module_tag__13n3H SelectedItems-module_hidden__2hyRx"
                      id="hds-tag-9"
                      role="link"
                      tabindex="-1"
                    >
                      <span
                        aria-labelledby="groups-label hds-tag-9-label"
                        class="Tag-module_label__zCgFr"
                        id="hds-tag-9-label"
                      >
                        <span
                          aria-hidden="false"
                        >
                          Yläkouluille ja toisen asteen oppilaitoksille
                        </span>
                      </span>
                      <button
                        class="Tag-module_deleteButton__1diMR"
                        id="hds-tag-9-delete-button"
                        tabindex="-1"
                        type="button"
                      >
                        <svg
                          aria-hidden="true"
                          class="Icon-module_icon__1Jtzj icon_hds-icon__1YqNC Icon-module_s__2WGWe icon_hds-icon--size-s__2Lkik"
                          role="img"
                          viewBox="0 0 24 24"
                          xmlns="http://www.w3.org/2000/svg"
                        >
                          <g
                            fill="none"
                            fill-rule="evenodd"
                          >
                            <rect
                              height="24"
                              width="24"
                            />
                            <polygon
                              fill="currentColor"
                              points="18 7.5 13.5 12 18 16.5 16.5 18 12 13.5 7.5 18 6 16.5 10.5 12 6 7.5 7.5 6 12 10.5 16.5 6"
                            />
                          </g>
                        </svg>
                      </button>
                    </div>
                    <span
                      class="SelectedItems-module_hiddenItemsCount__3MAEc"
                    >
                      +
                      3
                    </span>
                  </div>
                  <button
                    class="SelectedItems-module_clearButton__35tnp"
                    type="button"
                  >
                    <svg
                      class="Icon-module_icon__1Jtzj icon_hds-icon__1YqNC Icon-module_s__2WGWe icon_hds-icon--size-s__2Lkik"
                      role="img"
                      viewBox="0 0 24 24"
                      xmlns="http://www.w3.org/2000/svg"
                    >
                      <g
                        fill="none"
                        fill-rule="evenodd"
                      >
                        <rect
                          height="24"
                          width="24"
                        />
                        <path
                          d="M12,2 C17.5228475,2 22,6.4771525 22,12 C22,17.5228475 17.5228475,22 12,22 C6.4771525,22 2,17.5228475 2,12 C2,6.4771525 6.4771525,2 12,2 Z M12,4 C7.581722,4 4,7.581722 4,12 C4,16.418278 7.581722,20 12,20 C16.418278,20 20,16.418278 20,12 C20,7.581722 16.418278,4 12,4 Z M15,7.5 L16.5,9 L13.5,12 L16.5,15 L15,16.5 L12,13.5 L9,16.5 L7.5,15 L10.5,12 L7.5,9 L9,7.5 L12,10.5 L15,7.5 Z"
                          fill="currentColor"
                        />
                      </g>
                    </svg>
                  </button>
                  <button
                    aria-expanded="false"
                    aria-haspopup="listbox"
                    aria-labelledby="groups-label groups-toggle-button"
                    aria-owns="groups-menu"
                    class="Select-module_button__1aIsm"
                    id="groups-toggle-button"
                    type="button"
                  >
                    <svg
                      aria-hidden="true"
                      class="Icon-module_icon__1Jtzj icon_hds-icon__1YqNC Icon-module_s__2WGWe icon_hds-icon--size-s__2Lkik Select-module_angleIcon__2-9AD"
                      role="img"
                      viewBox="0 0 24 24"
                      xmlns="http://www.w3.org/2000/svg"
                    >
                      <g
                        fill="none"
                        fill-rule="evenodd"
                      >
                        <path
                          d="M0 0h24v24H0z"
                        />
                        <path
                          d="M12 13.5l5-5 1.5 1.5-6.5 6.5L5.5 10 7 8.5z"
                          fill="currentColor"
                        />
                      </g>
                    </svg>
                  </button>
                  <ul
                    aria-labelledby="groups-label"
                    aria-multiselectable="true"
                    aria-required="true"
                    class="Select-module_menu__1H2aU"
                    id="groups-menu"
                    role="listbox"
                    style="max-height: 260px;"
                    tabindex="-1"
                  />
                </div>
              </div>
            </div>
            <div
              class="formGroup"
            >
              <div
                class="rowWith2Columns"
              >
                <div
                  class="TextInput-module_root__2CMNr text-input_hds-text-input__2LODq"
                >
                  <label
                    class="FieldLabel-module_label__1zrXK "
                    for="firstName"
                  >
                    Etunimi
                    <span
                      class="RequiredIndicator-module_indicator__Pt7GX text-input_hds-text-input__required__2K-Bs"
                    >
                       
                      *
                    </span>
                  </label>
                  <div
                    class="TextInput-module_inputWrapper__3Rvel text-input_hds-text-input__input-wrapper__1OqYG"
                  >
                    <input
                      class="TextInput-module_input__1BlHi text-input_hds-text-input__input__GJm5C"
                      id="firstName"
                      required=""
                      type="text"
                      value=""
                    />
                  </div>
                  
                </div>
                <div
                  class="TextInput-module_root__2CMNr text-input_hds-text-input__2LODq"
                >
                  <label
                    class="FieldLabel-module_label__1zrXK "
                    for="lastName"
                  >
                    Sukunimi
                    <span
                      class="RequiredIndicator-module_indicator__Pt7GX text-input_hds-text-input__required__2K-Bs"
                    >
                       
                      *
                    </span>
                  </label>
                  <div
                    class="TextInput-module_inputWrapper__3Rvel text-input_hds-text-input__input-wrapper__1OqYG"
                  >
                    <input
                      class="TextInput-module_input__1BlHi text-input_hds-text-input__input__GJm5C"
                      id="lastName"
                      required=""
                      type="text"
                      value=""
                    />
                  </div>
                  
                </div>
              </div>
            </div>
            <div
              class="formGroup"
            >
              <div
                class="rowWith2Columns"
              >
                <div
                  class="TextInput-module_root__2CMNr text-input_hds-text-input__2LODq"
                >
                  <label
                    class="FieldLabel-module_label__1zrXK "
                    for="email"
                  >
                    Sähköposti
                    <span
                      class="RequiredIndicator-module_indicator__Pt7GX text-input_hds-text-input__required__2K-Bs"
                    >
                       
                      *
                    </span>
                  </label>
                  <div
                    class="TextInput-module_inputWrapper__3Rvel text-input_hds-text-input__input-wrapper__1OqYG"
                  >
                    <input
                      class="TextInput-module_input__1BlHi text-input_hds-text-input__input__GJm5C"
                      id="email"
                      required=""
                      type="text"
                      value=""
                    />
                  </div>
                  
                </div>
              </div>
            </div>
            <div
              class="submitButtonWrapper"
            >
              <button
                class="Button-module_button__1msFE button_hds-button__2A0je Button-module_primary__2LfKB button_hds-button--primary__2NVvO"
                type="submit"
              >
                <span
                  class="Button-module_label__a4np1 button_hds-button__label__2EQa-"
                >
                  Tilaa uutiskirje
                </span>
              </button>
            </div>
          </form>
        </div>
      </div>
    </div>
  </main>
</div>
`;
